#-----------------------------------------------------------
# Vivado v2020.2 (64-bit)
# SW Build 3064766 on Wed Nov 18 09:12:45 MST 2020
# IP Build 3064653 on Wed Nov 18 14:17:31 MST 2020
# Start of session at: Tue Jul  2 15:16:39 2024
# Process ID: 4716
# Current directory: D:/Vivado/Bao cao/TKVMS/TKVMS/TKVMS_Present
# Command line: vivado.exe -gui_launcher_event rodinguilauncherevent11836 D:\Vivado\Bao cao\TKVMS\TKVMS\TKVMS_Present\TKVMS_Present.xpr
# Log file: D:/Vivado/Bao cao/TKVMS/TKVMS/TKVMS_Present/vivado.log
# Journal file: D:/Vivado/Bao cao/TKVMS/TKVMS/TKVMS_Present\vivado.jou
#-----------------------------------------------------------
start_gui
open_project {D:/Vivado/Bao cao/TKVMS/TKVMS/TKVMS_Present/TKVMS_Present.xpr}
update_compile_order -fileset sources_1
launch_simulation
source PRESENT_ENCRYPT_TB.tcl
run 10 us
# Disabling source management mode.  This is to allow the top design properties to be set without GUI intervention.
set_property source_mgmt_mode None [current_project]
set_property top PRESENT_DECRYPT_TB [get_filesets sim_1]
set_property top_lib xil_defaultlib [get_filesets sim_1]
# Re-enabling previously disabled source management mode.
set_property source_mgmt_mode All [current_project]
update_compile_order -fileset sim_1
close_sim
launch_simulation
source PRESENT_DECRYPT_TB.tcl
run 10 us
